2026-08-23T12:21:55.9780800Z Current runner version: '2.336.0'
2026-08-23T12:21:55.9812279Z ##[group]Runner Image Provisioner
2026-08-23T12:21:55.9813279Z Hosted Compute Agent
2026-08-23T12:21:55.9814116Z Version: 20260729.566
2026-08-23T12:21:55.9814862Z Commit: cf7153fe6e25b664e8693c24944bf2b00355d109
2026-08-23T12:21:55.9815749Z Build Date: 2026-07-29T19:17:02Z
2026-08-23T12:21:55.9816982Z Worker ID: {1d24dbef-de39-423c-ac28-1f182c54ff55}
2026-08-23T12:21:55.9817877Z Azure Region: centralus
2026-08-23T12:21:55.9818666Z ##[endgroup]
2026-08-23T12:21:55.9820580Z ##[group]Operating System
2026-08-23T12:21:55.9821425Z Ubuntu
2026-08-23T12:21:55.9822166Z 24.04.4
2026-08-23T12:21:55.9822815Z LTS
2026-08-23T12:21:55.9823525Z ##[endgroup]
2026-08-23T12:21:55.9824217Z ##[group]Runner Image
2026-08-23T12:21:55.9824999Z Image: ubuntu-24.04
2026-08-23T12:21:55.9825767Z Version: 20260816.277.1
2026-08-23T12:21:55.9827701Z Included Software: https://github.com/actions/runner-images/blob/ubuntu24/20260816.277/images/ubuntu/Ubuntu2404-Readme.md
2026-08-23T12:21:55.9829733Z Image Release: https://github.com/actions/runner-images/releases/tag/ubuntu24%2F20260816.277
2026-08-23T12:21:55.9831034Z ##[endgroup]
2026-08-23T12:21:55.9832694Z ##[group]GITHUB_TOKEN Permissions
2026-08-23T12:21:55.9835048Z Contents: read
2026-08-23T12:21:55.9836253Z Metadata: read
2026-08-23T12:21:55.9837282Z Packages: read
2026-08-23T12:21:55.9837920Z ##[endgroup]
2026-08-23T12:21:55.9840686Z Secret source: Actions
2026-08-23T12:21:55.9841956Z Prepare workflow directory
2026-08-23T12:21:56.0651533Z Prepare all required actions
2026-08-23T12:21:56.0797871Z Getting action download info
2026-08-23T12:21:56.3367212Z Download action repository 'actions/checkout@v4' (SHA:11d5960a326750d5838078e36cf38b85af677262)
2026-08-23T12:21:56.5295153Z Download action repository 'actions/setup-python@v5' (SHA:a26af69be951a213d495a4c3e4e4022e16d87065)
2026-08-23T12:21:56.8123016Z Complete job name: discovery
2026-08-23T12:21:56.8751712Z Node 20 is being deprecated. This workflow is running with Node 24 by default. If you need to temporarily use Node 20, you can set the ACTIONS_ALLOW_USE_UNSECURE_NODE_VERSION=true environment variable. For more information see: https://github.blog/changelog/2025-09-19-deprecation-of-node-20-on-github-actions-runners/
2026-08-23T12:21:56.8759697Z ##[group]Run actions/checkout@v4
2026-08-23T12:21:56.8760380Z with:
2026-08-23T12:21:56.8760939Z   repository: SmokeSol/flightarb
2026-08-23T12:21:56.8764665Z   token: ***
2026-08-23T12:21:56.8765203Z   ssh-strict: true
2026-08-23T12:21:56.8765674Z   ssh-user: git
2026-08-23T12:21:56.8766134Z   persist-credentials: true
2026-08-23T12:21:56.8766817Z   clean: true
2026-08-23T12:21:56.8767337Z   sparse-checkout-cone-mode: true
2026-08-23T12:21:56.8767890Z   fetch-depth: 1
2026-08-23T12:21:56.8768374Z   fetch-tags: false
2026-08-23T12:21:56.8768850Z   show-progress: true
2026-08-23T12:21:56.8769335Z   lfs: false
2026-08-23T12:21:56.8769918Z   submodules: false
2026-08-23T12:21:56.8770408Z   set-safe-directory: true
2026-08-23T12:21:56.8770951Z   allow-unsafe-pr-checkout: false
2026-08-23T12:21:56.8771678Z ##[endgroup]
2026-08-23T12:21:56.9938113Z Syncing repository: SmokeSol/flightarb
2026-08-23T12:21:56.9940127Z ##[group]Getting Git version info
2026-08-23T12:21:56.9941161Z Working directory is '/home/runner/work/flightarb/flightarb'
2026-08-23T12:21:56.9960013Z [command]/usr/bin/git version
2026-08-23T12:21:57.0661590Z git version 2.55.0
2026-08-23T12:21:57.1434135Z ##[endgroup]
2026-08-23T12:21:57.1440327Z Temporarily overriding HOME='/home/runner/work/_temp/436af3e2-ba12-4592-a00c-0d67d94d6bad' before making global git config changes
2026-08-23T12:21:57.1441838Z Adding repository directory to the temporary git global config as a safe directory
2026-08-23T12:21:57.1443134Z [command]/usr/bin/git config --global --add safe.directory /home/runner/work/flightarb/flightarb
2026-08-23T12:21:57.1445447Z Deleting the contents of '/home/runner/work/flightarb/flightarb'
2026-08-23T12:21:57.1447057Z ##[group]Initializing the repository
2026-08-23T12:21:57.1448237Z [command]/usr/bin/git init /home/runner/work/flightarb/flightarb
2026-08-23T12:21:57.1449327Z hint: Using 'master' as the name for the initial branch. This default branch name
2026-08-23T12:21:57.1450437Z hint: will change to "main" in Git 3.0. To configure the initial branch name
2026-08-23T12:21:57.1451510Z hint: to use in all of your new repositories, which will suppress this warning,
2026-08-23T12:21:57.1452444Z hint: call:
2026-08-23T12:21:57.1453083Z hint:
2026-08-23T12:21:57.1453870Z hint: 	git config --global init.defaultBranch <name>
2026-08-23T12:21:57.1454677Z hint:
2026-08-23T12:21:57.1455502Z hint: Names commonly chosen instead of 'master' are 'main', 'trunk' and
2026-08-23T12:21:57.1456793Z hint: 'development'. The just-created branch can be renamed via this command:
2026-08-23T12:21:57.1457745Z hint:
2026-08-23T12:21:57.1458417Z hint: 	git branch -m <name>
2026-08-23T12:21:57.1459139Z hint:
2026-08-23T12:21:57.1459980Z hint: Disable this message with "git config set advice.defaultBranchName false"
2026-08-23T12:21:57.1461159Z Initialized empty Git repository in /home/runner/work/flightarb/flightarb/.git/
2026-08-23T12:21:57.1463329Z [command]/usr/bin/git remote add origin https://github.com/SmokeSol/flightarb
2026-08-23T12:21:57.1465574Z ##[endgroup]
2026-08-23T12:21:57.1466897Z ##[group]Disabling automatic garbage collection
2026-08-23T12:21:57.1467793Z [command]/usr/bin/git config --local gc.auto 0
2026-08-23T12:21:57.1469860Z ##[endgroup]
2026-08-23T12:21:57.1470842Z ##[group]Setting up auth
2026-08-23T12:21:57.1471742Z [command]/usr/bin/git config --local --name-only --get-regexp core\.sshCommand
2026-08-23T12:21:57.1473868Z [command]/usr/bin/git submodule foreach --recursive sh -c "git config --local --name-only --get-regexp 'core\.sshCommand' && git config --local --unset-all 'core.sshCommand' || :"
2026-08-23T12:21:57.2796123Z [command]/usr/bin/git config --local --name-only --get-regexp http\.https\:\/\/github\.com\/\.extraheader
2026-08-23T12:21:57.2826258Z [command]/usr/bin/git submodule foreach --recursive sh -c "git config --local --name-only --get-regexp 'http\.https\:\/\/github\.com\/\.extraheader' && git config --local --unset-all 'http.https://github.com/.extraheader' || :"
2026-08-23T12:21:57.3012665Z [command]/usr/bin/git config --local --name-only --get-regexp ^includeIf\.gitdir:
2026-08-23T12:21:57.3042192Z [command]/usr/bin/git submodule foreach --recursive git config --local --show-origin --name-only --get-regexp remote.origin.url
2026-08-23T12:21:57.3224108Z [command]/usr/bin/git config --local http.https://github.com/.extraheader AUTHORIZATION: basic ***
2026-08-23T12:21:57.3281846Z ##[endgroup]
2026-08-23T12:21:57.3283037Z ##[group]Fetching the repository
2026-08-23T12:21:57.3284838Z [command]/usr/bin/git -c protocol.version=2 fetch --no-tags --prune --no-recurse-submodules --depth=1 origin +108c51b27a9437aece16cff13b7ce6978493a6e5:refs/remotes/origin/main
2026-08-23T12:21:58.0222349Z From https://github.com/SmokeSol/flightarb
2026-08-23T12:21:58.0226738Z  * [new ref]         108c51b27a9437aece16cff13b7ce6978493a6e5 -> origin/main
2026-08-23T12:21:58.0234025Z ##[endgroup]
2026-08-23T12:21:58.0235997Z ##[group]Determining the checkout info
2026-08-23T12:21:58.0238726Z ##[endgroup]
2026-08-23T12:21:58.0239939Z [command]/usr/bin/git sparse-checkout disable
2026-08-23T12:21:58.0276966Z [command]/usr/bin/git config --local --unset-all extensions.worktreeConfig
2026-08-23T12:21:58.0311046Z ##[group]Checking out the ref
2026-08-23T12:21:58.0314055Z [command]/usr/bin/git checkout --progress --force -B main refs/remotes/origin/main
2026-08-23T12:21:58.0385203Z Switched to a new branch 'main'
2026-08-23T12:21:58.0390919Z branch 'main' set up to track 'origin/main'.
2026-08-23T12:21:58.0399301Z ##[endgroup]
2026-08-23T12:21:58.0458256Z [command]/usr/bin/git log -1 --format=%H
2026-08-23T12:21:58.0486311Z 108c51b27a9437aece16cff13b7ce6978493a6e5
2026-08-23T12:21:58.0826686Z Node 20 is being deprecated. This workflow is running with Node 24 by default. If you need to temporarily use Node 20, you can set the ACTIONS_ALLOW_USE_UNSECURE_NODE_VERSION=true environment variable. For more information see: https://github.blog/changelog/2025-09-19-deprecation-of-node-20-on-github-actions-runners/
2026-08-23T12:21:58.0832653Z ##[group]Run actions/setup-python@v5
2026-08-23T12:21:58.0833817Z with:
2026-08-23T12:21:58.0834688Z   python-version: 3.13
2026-08-23T12:21:58.0835674Z   check-latest: false
2026-08-23T12:21:58.0844901Z   token: ***
2026-08-23T12:21:58.0845965Z   update-environment: true
2026-08-23T12:21:58.0847347Z   allow-prereleases: false
2026-08-23T12:21:58.0848303Z   freethreaded: false
2026-08-23T12:21:58.0849165Z ##[endgroup]
2026-08-23T12:21:58.2131112Z ##[group]Installed versions
2026-08-23T12:21:58.2810782Z (node:1979) [DEP0040] DeprecationWarning: The `punycode` module is deprecated. Please use a userland alternative instead.
2026-08-23T12:21:58.2812475Z Successfully set up CPython (3.13.15)
2026-08-23T12:21:58.2813663Z (Use `node --trace-deprecation ...` to show where the warning was created)
2026-08-23T12:21:58.2815257Z ##[endgroup]
2026-08-23T12:21:58.2997730Z ##[group]Run pip install -e ".[dev,discovery]"
2026-08-23T12:21:58.2998856Z [36;1mpip install -e ".[dev,discovery]"[0m
2026-08-23T12:21:58.3046811Z shell: /usr/bin/bash -e {0}
2026-08-23T12:21:58.3047685Z env:
2026-08-23T12:21:58.3048474Z   pythonLocation: /opt/hostedtoolcache/Python/3.13.15/x64
2026-08-23T12:21:58.3049530Z   PKG_CONFIG_PATH: /opt/hostedtoolcache/Python/3.13.15/x64/lib/pkgconfig
2026-08-23T12:21:58.3050621Z   Python_ROOT_DIR: /opt/hostedtoolcache/Python/3.13.15/x64
2026-08-23T12:21:58.3051620Z   Python2_ROOT_DIR: /opt/hostedtoolcache/Python/3.13.15/x64
2026-08-23T12:21:58.3052966Z   Python3_ROOT_DIR: /opt/hostedtoolcache/Python/3.13.15/x64
2026-08-23T12:21:58.3053969Z   LD_LIBRARY_PATH: /opt/hostedtoolcache/Python/3.13.15/x64/lib
2026-08-23T12:21:58.3054810Z ##[endgroup]
2026-08-23T12:22:00.3391008Z Obtaining file:///home/runner/work/flightarb/flightarb
2026-08-23T12:22:00.3408392Z   Installing build dependencies: started
2026-08-23T12:22:01.1322153Z   Installing build dependencies: finished with status 'done'
2026-08-23T12:22:01.1324371Z   Checking if build backend supports build_editable: started
2026-08-23T12:22:01.5474399Z   Checking if build backend supports build_editable: finished with status 'done'
2026-08-23T12:22:01.5476133Z   Getting requirements to build editable: started
2026-08-23T12:22:01.8579974Z   Getting requirements to build editable: finished with status 'done'
2026-08-23T12:22:01.8661594Z   Preparing editable metadata (pyproject.toml): started
2026-08-23T12:22:02.0399480Z   Preparing editable metadata (pyproject.toml): finished with status 'done'
2026-08-23T12:22:02.3516856Z Collecting fast-flights>=3.1 (from flightarb==0.1.0)
2026-08-23T12:22:02.4277673Z   Downloading fast_flights-3.1.0-py3-none-any.whl.metadata (9.7 kB)
2026-08-23T12:22:02.4648513Z Collecting typing_extensions>=4.9 (from flightarb==0.1.0)
2026-08-23T12:22:02.4774245Z   Downloading typing_extensions-4.16.0-py3-none-any.whl.metadata (3.3 kB)
2026-08-23T12:22:02.5262417Z Collecting pytest>=8.0 (from flightarb==0.1.0)
2026-08-23T12:22:02.5401779Z   Downloading pytest-9.1.1-py3-none-any.whl.metadata (7.6 kB)
2026-08-23T12:22:02.5825889Z Collecting primp (from fast-flights>=3.1->flightarb==0.1.0)
2026-08-23T12:22:02.5960959Z   Downloading primp-1.3.1-cp310-abi3-manylinux_2_17_x86_64.manylinux2014_x86_64.whl.metadata (3.7 kB)
2026-08-23T12:22:02.7419668Z Collecting protobuf>=5.27.0 (from fast-flights>=3.1->flightarb==0.1.0)
2026-08-23T12:22:02.7549799Z   Downloading protobuf-7.36.0-cp310-abi3-manylinux2014_x86_64.whl.metadata (595 bytes)
2026-08-23T12:22:02.9174195Z Collecting selectolax (from fast-flights>=3.1->flightarb==0.1.0)
2026-08-23T12:22:02.9319932Z   Downloading selectolax-0.4.11-cp313-cp313-manylinux2014_x86_64.manylinux_2_17_x86_64.manylinux_2_28_x86_64.whl.metadata (8.2 kB)
2026-08-23T12:22:02.9561601Z Collecting iniconfig>=1.0.1 (from pytest>=8.0->flightarb==0.1.0)
2026-08-23T12:22:02.9691872Z   Downloading iniconfig-2.3.0-py3-none-any.whl.metadata (2.5 kB)
2026-08-23T12:22:03.0995973Z Collecting packaging>=22 (from pytest>=8.0->flightarb==0.1.0)
2026-08-23T12:22:03.1131182Z   Downloading packaging-26.3-py3-none-any.whl.metadata (3.5 kB)
2026-08-23T12:22:03.3299061Z Collecting pluggy<2,>=1.5 (from pytest>=8.0->flightarb==0.1.0)
2026-08-23T12:22:03.3433762Z   Downloading pluggy-1.6.0-py3-none-any.whl.metadata (4.8 kB)
2026-08-23T12:22:03.3739072Z Collecting pygments>=2.7.2 (from pytest>=8.0->flightarb==0.1.0)
2026-08-23T12:22:03.3869829Z   Downloading pygments-2.21.0-py3-none-any.whl.metadata (2.5 kB)
2026-08-23T12:22:03.4090941Z Downloading fast_flights-3.1.0-py3-none-any.whl (22 kB)
2026-08-23T12:22:03.4269490Z Downloading protobuf-7.36.0-cp310-abi3-manylinux2014_x86_64.whl (340 kB)
2026-08-23T12:22:03.4802302Z Downloading pytest-9.1.1-py3-none-any.whl (386 kB)
2026-08-23T12:22:03.7614696Z Downloading pluggy-1.6.0-py3-none-any.whl (20 kB)
2026-08-23T12:22:03.7768153Z Downloading iniconfig-2.3.0-py3-none-any.whl (7.5 kB)
2026-08-23T12:22:03.7924498Z Downloading packaging-26.3-py3-none-any.whl (129 kB)
2026-08-23T12:22:03.8093758Z Downloading pygments-2.21.0-py3-none-any.whl (1.3 MB)
2026-08-23T12:22:03.8516751Z    ━━━━━━━━━━━━━━━━━━━━━━━━━━━━━━━━━━━━━━━━ 1.3/1.3 MB 26.0 MB/s  0:00:00
2026-08-23T12:22:03.8656384Z Downloading typing_extensions-4.16.0-py3-none-any.whl (45 kB)
2026-08-23T12:22:03.8847311Z Downloading primp-1.3.1-cp310-abi3-manylinux_2_17_x86_64.manylinux2014_x86_64.whl (5.3 MB)
2026-08-23T12:22:03.9858017Z    ━━━━━━━━━━━━━━━━━━━━━━━━━━━━━━━━━━━━━━━━ 5.3/5.3 MB 51.5 MB/s  0:00:00
2026-08-23T12:22:04.0007089Z Downloading selectolax-0.4.11-cp313-cp313-manylinux2014_x86_64.manylinux_2_17_x86_64.manylinux_2_28_x86_64.whl (2.4 MB)
2026-08-23T12:22:04.0599307Z    ━━━━━━━━━━━━━━━━━━━━━━━━━━━━━━━━━━━━━━━━ 2.4/2.4 MB 38.1 MB/s  0:00:00
2026-08-23T12:22:04.0883282Z Building wheels for collected packages: flightarb
2026-08-23T12:22:04.0890563Z   Building editable for flightarb (pyproject.toml): started
2026-08-23T12:22:04.2851105Z   Building editable for flightarb (pyproject.toml): finished with status 'done'
2026-08-23T12:22:04.2855852Z   Created wheel for flightarb: filename=flightarb-0.1.0-0.editable-py3-none-any.whl size=8455 sha256=18937160b1afa4e1484b1b6bc284f9cebb588f8492aa08517999957c00ae5fd0
2026-08-23T12:22:04.2878462Z   Stored in directory: /tmp/pip-ephem-wheel-cache-k79xdvi8/wheels/82/2b/27/db6586e295d771cdd47c17ecf3668992de52ff26b1bc787496
2026-08-23T12:22:04.2887363Z Successfully built flightarb
2026-08-23T12:22:04.3114849Z Installing collected packages: typing_extensions, selectolax, pygments, protobuf, primp, pluggy, packaging, iniconfig, flightarb, pytest, fast-flights
2026-08-23T12:22:05.9376165Z 
2026-08-23T12:22:05.9390570Z Successfully installed fast-flights-3.1.0 flightarb-0.1.0 iniconfig-2.3.0 packaging-26.3 pluggy-1.6.0 primp-1.3.1 protobuf-7.36.0 pygments-2.21.0 pytest-9.1.1 selectolax-0.4.11 typing_extensions-4.16.0
2026-08-23T12:22:06.0164205Z ##[group]Run python -m flightarb.cli data --refresh
2026-08-23T12:22:06.0164750Z [36;1mpython -m flightarb.cli data --refresh[0m
2026-08-23T12:22:06.0191213Z shell: /usr/bin/bash -e {0}
2026-08-23T12:22:06.0191562Z env:
2026-08-23T12:22:06.0191900Z   pythonLocation: /opt/hostedtoolcache/Python/3.13.15/x64
2026-08-23T12:22:06.0192380Z   PKG_CONFIG_PATH: /opt/hostedtoolcache/Python/3.13.15/x64/lib/pkgconfig
2026-08-23T12:22:06.0192864Z   Python_ROOT_DIR: /opt/hostedtoolcache/Python/3.13.15/x64
2026-08-23T12:22:06.0193272Z   Python2_ROOT_DIR: /opt/hostedtoolcache/Python/3.13.15/x64
2026-08-23T12:22:06.0193716Z   Python3_ROOT_DIR: /opt/hostedtoolcache/Python/3.13.15/x64
2026-08-23T12:22:06.0194177Z   LD_LIBRARY_PATH: /opt/hostedtoolcache/Python/3.13.15/x64/lib
2026-08-23T12:22:06.0194554Z ##[endgroup]
2026-08-23T12:22:08.6965681Z downloading datasets ...
2026-08-23T12:22:08.6967151Z   airports    12.7 MB  /home/runner/work/flightarb/flightarb/data/airports.csv
2026-08-23T12:22:08.6968825Z   cities       8.4 MB  /home/runner/work/flightarb/flightarb/data/cities15000.txt
2026-08-23T12:22:08.7169264Z ##[group]Run python - <<'PY'
2026-08-23T12:22:08.7169681Z [36;1mpython - <<'PY'[0m
2026-08-23T12:22:08.7169991Z [36;1mimport inspect, traceback, dataclasses[0m
2026-08-23T12:22:08.7170362Z [36;1mimport fast_flights as ff[0m
2026-08-23T12:22:08.7170646Z [36;1m[0m
2026-08-23T12:22:08.7170917Z [36;1mdef show(name):[0m
2026-08-23T12:22:08.7171204Z [36;1m    obj = getattr(ff, name, None)[0m
2026-08-23T12:22:08.7171546Z [36;1m    if obj is None:[0m
2026-08-23T12:22:08.7171881Z [36;1m        print(f"{name}: MISSING"); return[0m
2026-08-23T12:22:08.7172189Z [36;1m    try:[0m
2026-08-23T12:22:08.7172502Z [36;1m        print(f"{name}{inspect.signature(obj)}")[0m
2026-08-23T12:22:08.7172851Z [36;1m    except (TypeError, ValueError):[0m
2026-08-23T12:22:08.7173159Z [36;1m        print(f"{name}: {obj!r}")[0m
2026-08-23T12:22:08.7173521Z [36;1m    if dataclasses.is_dataclass(obj):[0m
2026-08-23T12:22:08.7174026Z [36;1m        print("   fields:", [(f.name, str(f.type)) for f in dataclasses.fields(obj)])[0m
2026-08-23T12:22:08.7174510Z [36;1m    ann = getattr(obj, "__annotations__", None)[0m
2026-08-23T12:22:08.7174898Z [36;1m    if ann: print("   annotations:", dict(ann))[0m
2026-08-23T12:22:08.7175283Z [36;1m    meth = [m for m in dir(obj) if not m.startswith("_")][0m
2026-08-23T12:22:08.7175709Z [36;1m    if meth: print("   members:", meth[:25])[0m
2026-08-23T12:22:08.7176026Z [36;1m[0m
2026-08-23T12:22:08.7176394Z [36;1mfor n in ("create_query", "create_filter", "Query", "FlightQuery",[0m
2026-08-23T12:22:08.7177102Z [36;1m          "Passengers", "ResultList", "fetch_flights_html"):[0m
2026-08-23T12:22:08.7177494Z [36;1m    show(n); print()[0m
2026-08-23T12:22:08.7177827Z [36;1m[0m
2026-08-23T12:22:08.7178119Z [36;1mprint("=== live call ===")[0m
2026-08-23T12:22:08.7178495Z [36;1mfrom datetime import date, timedelta[0m
2026-08-23T12:22:08.7178889Z [36;1mwhen = (date.today() + timedelta(days=40)).isoformat()[0m
2026-08-23T12:22:08.7179265Z [36;1mtry:[0m
2026-08-23T12:22:08.7179571Z [36;1m    q = ff.create_query([0m
2026-08-23T12:22:08.7179999Z [36;1m        flights=[ff.FlightQuery(date=when, from_airport="MAD", to_airport="AGP")],[0m
2026-08-23T12:22:08.7180485Z [36;1m        passengers=ff.Passengers(adults=1),[0m
2026-08-23T12:22:08.7180816Z [36;1m    )[0m
2026-08-23T12:22:08.7181148Z [36;1m    print("query built:", type(q).__name__)[0m
2026-08-23T12:22:08.7181573Z [36;1m    res = ff.get_flights(q)[0m
2026-08-23T12:22:08.7181922Z [36;1m    print("result type:", type(res).__name__)[0m
2026-08-23T12:22:08.7182387Z [36;1m    print("result members:", [m for m in dir(res) if not m.startswith("_")][:25])[0m
2026-08-23T12:22:08.7182910Z [36;1m    items = list(res) if hasattr(res, "__iter__") else getattr(res, "flights", [])[0m
2026-08-23T12:22:08.7183327Z [36;1m    print("items:", len(items))[0m
2026-08-23T12:22:08.7183712Z [36;1m    if items:[0m
2026-08-23T12:22:08.7184035Z [36;1m        f = items[0][0m
2026-08-23T12:22:08.7184387Z [36;1m        print("item type:", type(f).__name__)[0m
2026-08-23T12:22:08.7184745Z [36;1m        if dataclasses.is_dataclass(f):[0m
2026-08-23T12:22:08.7185098Z [36;1m            for fl in dataclasses.fields(f):[0m
2026-08-23T12:22:08.7185548Z [36;1m                print(f"   {fl.name} = {getattr(f, fl.name)!r}")[0m
2026-08-23T12:22:08.7185926Z [36;1m        else:[0m
2026-08-23T12:22:08.7186281Z [36;1m            for m in [m for m in dir(f) if not m.startswith("_")][:25]:[0m
2026-08-23T12:22:08.7186963Z [36;1m                try: print(f"   {m} = {getattr(f, m)!r}")[0m
2026-08-23T12:22:08.7187365Z [36;1m                except Exception: pass[0m
2026-08-23T12:22:08.7187734Z [36;1mexcept Exception:[0m
2026-08-23T12:22:08.7188046Z [36;1m    traceback.print_exc()[0m
2026-08-23T12:22:08.7188352Z [36;1mPY[0m
2026-08-23T12:22:08.7211832Z shell: /usr/bin/bash -e {0}
2026-08-23T12:22:08.7212233Z env:
2026-08-23T12:22:08.7212574Z   pythonLocation: /opt/hostedtoolcache/Python/3.13.15/x64
2026-08-23T12:22:08.7213332Z   PKG_CONFIG_PATH: /opt/hostedtoolcache/Python/3.13.15/x64/lib/pkgconfig
2026-08-23T12:22:08.7213873Z   Python_ROOT_DIR: /opt/hostedtoolcache/Python/3.13.15/x64
2026-08-23T12:22:08.7214280Z   Python2_ROOT_DIR: /opt/hostedtoolcache/Python/3.13.15/x64
2026-08-23T12:22:08.7214728Z   Python3_ROOT_DIR: /opt/hostedtoolcache/Python/3.13.15/x64
2026-08-23T12:22:08.7215159Z   LD_LIBRARY_PATH: /opt/hostedtoolcache/Python/3.13.15/x64/lib
2026-08-23T12:22:08.7215528Z ##[endgroup]
2026-08-23T12:22:09.0793744Z create_query(*, flights: list[fast_flights.querying.FlightQuery], seat: Literal['economy', 'premium-economy', 'business', 'first'] = 'economy', trip: Literal['round-trip', 'one-way', 'multi-city'] = 'one-way', passengers: fast_flights.querying.Passengers | None = None, language: Union[str, Literal[''], Literal['af', 'bs', 'ca', 'cs', 'da', 'de', 'et', 'en-GB', 'en-US', 'es', 'es-419', 'eu', 'fil', 'fr', 'gl', 'hr', 'id', 'is', 'it', 'sw', 'lv', 'lt', 'hu', 'ms', 'nl', 'no', 'pl', 'pt-BR', 'pt-PT', 'ro', 'sq', 'sk', 'sl', 'sr-Latn', 'fi', 'sv', 'vi', 'tr', 'el', 'bg', 'mk', 'mn', 'ru', 'sr', 'uk', 'ka', 'iw', 'ur', 'ar', 'fa', 'am', 'ne', 'mr', 'hi', 'bn', 'pa', 'gu', 'ta', 'te', 'kn', 'ml', 'si', 'th', 'lo', 'km', 'ko', 'ja', 'zh-CN', 'zh-TW']] = '', currency: Union[str, Literal[''], Literal['ALL', 'DZD', 'ARS', 'AMD', 'AWG', 'AUD', 'AZN', 'BSD', 'BHD', 'BYN', 'BMD', 'BAM', 'BRL', 'GBP', 'BGN', 'CAD', 'XPF', 'CLP', 'CNY', 'COP', 'CRC', 'CUP', 'CZK', 'DKK', 'DOP', 'EGP', 'EUR', 'GEL', 'HKD', 'HUF', 'ISK', 'INR', 'IDR', 'IRR', 'ILS', 'JMD', 'JPY', 'JOD', 'KZT', 'KWD', 'LBP', 'MKD', 'MYR', 'MXN', 'MDL', 'MAD', 'TWD', 'NZD', 'NOK', 'OMR', 'PKR', 'PAB', 'PEN', 'PHP', 'PLN', 'QAR', 'RON', 'RUB', 'SAR', 'RSD', 'SGD', 'ZAR', 'KRW', 'SEK', 'CHF', 'THB', 'TRY', 'UAH', 'AED', 'USD', 'VND']] = '', max_stops: int | None = None, max_price: int | None = None, carry_on_bags: int = 0, checked_bags: int = 0, hide_separate_and_self_transfer: bool = False, exclude_basic_economy: bool = False) -> fast_flights.querying.Query
2026-08-23T12:22:09.0806075Z    annotations: {'flights': list[fast_flights.querying.FlightQuery], 'seat': typing.Literal['economy', 'premium-economy', 'business', 'first'], 'trip': typing.Literal['round-trip', 'one-way', 'multi-city'], 'passengers': fast_flights.querying.Passengers | None, 'language': typing.Union[str, typing.Literal[''], typing.Literal['af', 'bs', 'ca', 'cs', 'da', 'de', 'et', 'en-GB', 'en-US', 'es', 'es-419', 'eu', 'fil', 'fr', 'gl', 'hr', 'id', 'is', 'it', 'sw', 'lv', 'lt', 'hu', 'ms', 'nl', 'no', 'pl', 'pt-BR', 'pt-PT', 'ro', 'sq', 'sk', 'sl', 'sr-Latn', 'fi', 'sv', 'vi', 'tr', 'el', 'bg', 'mk', 'mn', 'ru', 'sr', 'uk', 'ka', 'iw', 'ur', 'ar', 'fa', 'am', 'ne', 'mr', 'hi', 'bn', 'pa', 'gu', 'ta', 'te', 'kn', 'ml', 'si', 'th', 'lo', 'km', 'ko', 'ja', 'zh-CN', 'zh-TW']], 'currency': typing.Union[str, typing.Literal[''], typing.Literal['ALL', 'DZD', 'ARS', 'AMD', 'AWG', 'AUD', 'AZN', 'BSD', 'BHD', 'BYN', 'BMD', 'BAM', 'BRL', 'GBP', 'BGN', 'CAD', 'XPF', 'CLP', 'CNY', 'COP', 'CRC', 'CUP', 'CZK', 'DKK', 'DOP', 'EGP', 'EUR', 'GEL', 'HKD', 'HUF', 'ISK', 'INR', 'IDR', 'IRR', 'ILS', 'JMD', 'JPY', 'JOD', 'KZT', 'KWD', 'LBP', 'MKD', 'MYR', 'MXN', 'MDL', 'MAD', 'TWD', 'NZD', 'NOK', 'OMR', 'PKR', 'PAB', 'PEN', 'PHP', 'PLN', 'QAR', 'RON', 'RUB', 'SAR', 'RSD', 'SGD', 'ZAR', 'KRW', 'SEK', 'CHF', 'THB', 'TRY', 'UAH', 'AED', 'USD', 'VND']], 'max_stops': int | None, 'max_price': int | None, 'carry_on_bags': <class 'int'>, 'checked_bags': <class 'int'>, 'hide_separate_and_self_transfer': <class 'bool'>, 'exclude_basic_economy': <class 'bool'>, 'return': <class 'fast_flights.querying.Query'>}
2026-08-23T12:22:09.0815148Z 
2026-08-23T12:22:09.0827934Z create_filter(*, flights: list[fast_flights.querying.FlightQuery], seat: Literal['economy', 'premium-economy', 'business', 'first'] = 'economy', trip: Literal['round-trip', 'one-way', 'multi-city'] = 'one-way', passengers: fast_flights.querying.Passengers | None = None, language: Union[str, Literal[''], Literal['af', 'bs', 'ca', 'cs', 'da', 'de', 'et', 'en-GB', 'en-US', 'es', 'es-419', 'eu', 'fil', 'fr', 'gl', 'hr', 'id', 'is', 'it', 'sw', 'lv', 'lt', 'hu', 'ms', 'nl', 'no', 'pl', 'pt-BR', 'pt-PT', 'ro', 'sq', 'sk', 'sl', 'sr-Latn', 'fi', 'sv', 'vi', 'tr', 'el', 'bg', 'mk', 'mn', 'ru', 'sr', 'uk', 'ka', 'iw', 'ur', 'ar', 'fa', 'am', 'ne', 'mr', 'hi', 'bn', 'pa', 'gu', 'ta', 'te', 'kn', 'ml', 'si', 'th', 'lo', 'km', 'ko', 'ja', 'zh-CN', 'zh-TW']] = '', currency: Union[str, Literal[''], Literal['ALL', 'DZD', 'ARS', 'AMD', 'AWG', 'AUD', 'AZN', 'BSD', 'BHD', 'BYN', 'BMD', 'BAM', 'BRL', 'GBP', 'BGN', 'CAD', 'XPF', 'CLP', 'CNY', 'COP', 'CRC', 'CUP', 'CZK', 'DKK', 'DOP', 'EGP', 'EUR', 'GEL', 'HKD', 'HUF', 'ISK', 'INR', 'IDR', 'IRR', 'ILS', 'JMD', 'JPY', 'JOD', 'KZT', 'KWD', 'LBP', 'MKD', 'MYR', 'MXN', 'MDL', 'MAD', 'TWD', 'NZD', 'NOK', 'OMR', 'PKR', 'PAB', 'PEN', 'PHP', 'PLN', 'QAR', 'RON', 'RUB', 'SAR', 'RSD', 'SGD', 'ZAR', 'KRW', 'SEK', 'CHF', 'THB', 'TRY', 'UAH', 'AED', 'USD', 'VND']] = '', max_stops: int | None = None, max_price: int | None = None, carry_on_bags: int = 0, checked_bags: int = 0, hide_separate_and_self_transfer: bool = False, exclude_basic_economy: bool = False) -> fast_flights.querying.Query
2026-08-23T12:22:09.0839528Z    annotations: {'flights': list[fast_flights.querying.FlightQuery], 'seat': typing.Literal['economy', 'premium-economy', 'business', 'first'], 'trip': typing.Literal['round-trip', 'one-way', 'multi-city'], 'passengers': fast_flights.querying.Passengers | None, 'language': typing.Union[str, typing.Literal[''], typing.Literal['af', 'bs', 'ca', 'cs', 'da', 'de', 'et', 'en-GB', 'en-US', 'es', 'es-419', 'eu', 'fil', 'fr', 'gl', 'hr', 'id', 'is', 'it', 'sw', 'lv', 'lt', 'hu', 'ms', 'nl', 'no', 'pl', 'pt-BR', 'pt-PT', 'ro', 'sq', 'sk', 'sl', 'sr-Latn', 'fi', 'sv', 'vi', 'tr', 'el', 'bg', 'mk', 'mn', 'ru', 'sr', 'uk', 'ka', 'iw', 'ur', 'ar', 'fa', 'am', 'ne', 'mr', 'hi', 'bn', 'pa', 'gu', 'ta', 'te', 'kn', 'ml', 'si', 'th', 'lo', 'km', 'ko', 'ja', 'zh-CN', 'zh-TW']], 'currency': typing.Union[str, typing.Literal[''], typing.Literal['ALL', 'DZD', 'ARS', 'AMD', 'AWG', 'AUD', 'AZN', 'BSD', 'BHD', 'BYN', 'BMD', 'BAM', 'BRL', 'GBP', 'BGN', 'CAD', 'XPF', 'CLP', 'CNY', 'COP', 'CRC', 'CUP', 'CZK', 'DKK', 'DOP', 'EGP', 'EUR', 'GEL', 'HKD', 'HUF', 'ISK', 'INR', 'IDR', 'IRR', 'ILS', 'JMD', 'JPY', 'JOD', 'KZT', 'KWD', 'LBP', 'MKD', 'MYR', 'MXN', 'MDL', 'MAD', 'TWD', 'NZD', 'NOK', 'OMR', 'PKR', 'PAB', 'PEN', 'PHP', 'PLN', 'QAR', 'RON', 'RUB', 'SAR', 'RSD', 'SGD', 'ZAR', 'KRW', 'SEK', 'CHF', 'THB', 'TRY', 'UAH', 'AED', 'USD', 'VND']], 'max_stops': int | None, 'max_price': int | None, 'carry_on_bags': <class 'int'>, 'checked_bags': <class 'int'>, 'hide_separate_and_self_transfer': <class 'bool'>, 'exclude_basic_economy': <class 'bool'>, 'return': <class 'fast_flights.querying.Query'>}
2026-08-23T12:22:09.0845642Z 
2026-08-23T12:22:09.0848319Z Query(flight_data: list[flights_pb2.FlightData], seat: <google.protobuf.internal.enum_type_wrapper.EnumTypeWrapper object at 0x7f6411169310>, trip: <google.protobuf.internal.enum_type_wrapper.EnumTypeWrapper object at 0x7f64111691d0>, passengers: list[<google.protobuf.internal.enum_type_wrapper.EnumTypeWrapper object at 0x7f6411103950>], language: str, currency: str, max_price: int | None = None, carry_on_bags: int = 0, checked_bags: int = 0, hide_separate_and_self_transfer: bool = False, exclude_basic_economy: bool = False) -> None
2026-08-23T12:22:09.0853451Z    fields: [('flight_data', 'list[flights_pb2.FlightData]'), ('seat', '<google.protobuf.internal.enum_type_wrapper.EnumTypeWrapper object at 0x7f6411169310>'), ('trip', '<google.protobuf.internal.enum_type_wrapper.EnumTypeWrapper object at 0x7f64111691d0>'), ('passengers', 'list[<google.protobuf.internal.enum_type_wrapper.EnumTypeWrapper object at 0x7f6411103950>]'), ('language', "<class 'str'>"), ('currency', "<class 'str'>"), ('max_price', 'int | None'), ('carry_on_bags', "<class 'int'>"), ('checked_bags', "<class 'int'>"), ('hide_separate_and_self_transfer', "<class 'bool'>"), ('exclude_basic_economy', "<class 'bool'>")]
2026-08-23T12:22:09.0858661Z    annotations: {'flight_data': list[flights_pb2.FlightData], 'seat': <google.protobuf.internal.enum_type_wrapper.EnumTypeWrapper object at 0x7f6411169310>, 'trip': <google.protobuf.internal.enum_type_wrapper.EnumTypeWrapper object at 0x7f64111691d0>, 'passengers': list[<google.protobuf.internal.enum_type_wrapper.EnumTypeWrapper object at 0x7f6411103950>], 'language': <class 'str'>, 'currency': <class 'str'>, 'max_price': int | None, 'carry_on_bags': <class 'int'>, 'checked_bags': <class 'int'>, 'hide_separate_and_self_transfer': <class 'bool'>, 'exclude_basic_economy': <class 'bool'>}
2026-08-23T12:22:09.5138075Z    members: ['carry_on_bags', 'checked_bags', 'exclude_basic_economy', 'get_seat_type', 'get_trip_type', 'hide_separate_and_self_transfer', 'max_price', 'params', 'pb', 'to_bytes', 'to_str', 'url']
2026-08-23T12:22:09.5139535Z 
2026-08-23T12:22:09.5143225Z FlightQuery(date: str | datetime.datetime, from_airport: str, to_airport: str, max_stops: int | None = None, airlines: list[str] | None = None, earliest_departure_hour: int | None = None, latest_departure_hour: int | None = None, earliest_arrival_hour: int | None = None, latest_arrival_hour: int | None = None, max_duration_minutes: int | None = None, connecting_airports: list[str] | None = None, min_layover_minutes: int | None = None, max_layover_minutes: int | None = None, less_emissions_only: bool = False) -> None
2026-08-23T12:22:09.5147662Z    fields: [('date', 'str | datetime.datetime'), ('from_airport', "<class 'str'>"), ('to_airport', "<class 'str'>"), ('max_stops', 'int | None'), ('airlines', 'list[str] | None'), ('earliest_departure_hour', 'int | None'), ('latest_departure_hour', 'int | None'), ('earliest_arrival_hour', 'int | None'), ('latest_arrival_hour', 'int | None'), ('max_duration_minutes', 'int | None'), ('connecting_airports', 'list[str] | None'), ('min_layover_minutes', 'int | None'), ('max_layover_minutes', 'int | None'), ('less_emissions_only', "<class 'bool'>")]
2026-08-23T12:22:09.5151373Z    annotations: {'date': str | datetime.datetime, 'from_airport': <class 'str'>, 'to_airport': <class 'str'>, 'max_stops': int | None, 'airlines': list[str] | None, 'earliest_departure_hour': int | None, 'latest_departure_hour': int | None, 'earliest_arrival_hour': int | None, 'latest_arrival_hour': int | None, 'max_duration_minutes': int | None, 'connecting_airports': list[str] | None, 'min_layover_minutes': int | None, 'max_layover_minutes': int | None, 'less_emissions_only': <class 'bool'>}
2026-08-23T12:22:09.5154383Z    members: ['airlines', 'connecting_airports', 'earliest_arrival_hour', 'earliest_departure_hour', 'latest_arrival_hour', 'latest_departure_hour', 'less_emissions_only', 'max_duration_minutes', 'max_layover_minutes', 'max_stops', 'min_layover_minutes', 'pb', 'with_max_stops']
2026-08-23T12:22:09.5155664Z 
2026-08-23T12:22:09.5156169Z Passengers(adults: int = 0, children: int = 0, infants_in_seat: int = 0, infants_on_lap: int = 0) -> None
2026-08-23T12:22:09.5157573Z    fields: [('adults', "<class 'int'>"), ('children', "<class 'int'>"), ('infants_in_seat', "<class 'int'>"), ('infants_on_lap', "<class 'int'>")]
2026-08-23T12:22:09.5158835Z    annotations: {'adults': <class 'int'>, 'children': <class 'int'>, 'infants_in_seat': <class 'int'>, 'infants_on_lap': <class 'int'>}
2026-08-23T12:22:09.5159892Z    members: ['adults', 'children', 'infants_in_seat', 'infants_on_lap', 'pb']
2026-08-23T12:22:09.5160486Z 
2026-08-23T12:22:09.5160807Z ResultList(iterable=(), /)
2026-08-23T12:22:09.5161487Z    annotations: {'metadata': <class 'fast_flights.model.JsMetadata'>}
2026-08-23T12:22:09.5162448Z    members: ['append', 'clear', 'copy', 'count', 'extend', 'index', 'insert', 'pop', 'remove', 'reverse', 'sort']
2026-08-23T12:22:09.5163129Z 
2026-08-23T12:22:09.5164011Z fetch_flights_html(q: fast_flights.querying.Query | str, /, *, proxy: str | None = None, fetch_integration: fast_flights.integrations.base.FetchIntegration | None = None) -> str
2026-08-23T12:22:09.5166300Z    annotations: {'q': fast_flights.querying.Query | str, 'proxy': str | None, 'fetch_integration': fast_flights.integrations.base.FetchIntegration | None, 'return': <class 'str'>}
2026-08-23T12:22:09.5167601Z 
2026-08-23T12:22:09.5167911Z === live call ===
2026-08-23T12:22:09.5168476Z query built: Query
2026-08-23T12:22:09.5169015Z result type: ResultList
2026-08-23T12:22:09.5170152Z result members: ['append', 'clear', 'copy', 'count', 'extend', 'index', 'insert', 'metadata', 'pop', 'remove', 'reverse', 'sort']
2026-08-23T12:22:09.5171467Z items: 8
2026-08-23T12:22:09.5172050Z item type: Flights
2026-08-23T12:22:09.5172610Z    type = 'UX'
2026-08-23T12:22:09.5173178Z    price = 111
2026-08-23T12:22:09.5173742Z    airlines = ['Air Europa']
2026-08-23T12:22:09.5177655Z    flights = [SingleFlight(from_airport=Airport(name='Adolfo Suárez Madrid-Barajas Airport', code='MAD'), to_airport=Airport(name='Málaga-Costa del Sol Airport', code='AGP'), departure=SimpleDatetime(date=(2026, 10, 2), time=(6, 30)), arrival=SimpleDatetime(date=(2026, 10, 2), time=(7, 45)), duration=75, plane_type='Boeing 737')]
2026-08-23T12:22:09.5179827Z    carbon = CarbonEmission(typical_on_route=62000, emission=57000)
2026-08-23T12:22:09.5302954Z ##[group]Run python - <<'PY'
2026-08-23T12:22:09.5303310Z [36;1mpython - <<'PY'[0m
2026-08-23T12:22:09.5303580Z [36;1mimport sys[0m
2026-08-23T12:22:09.5303854Z [36;1mfrom datetime import date, timedelta[0m
2026-08-23T12:22:09.5304233Z [36;1mfrom flightarb.policy import Policy[0m
2026-08-23T12:22:09.5304572Z [36;1mfrom flightarb.runtime import Runtime[0m
2026-08-23T12:22:09.5304927Z [36;1mfrom flightarb.providers.base import SearchQuery[0m
2026-08-23T12:22:09.5305287Z [36;1mfrom flightarb.models import Cabin[0m
2026-08-23T12:22:09.5305574Z [36;1m[0m
2026-08-23T12:22:09.5305875Z [36;1mrt = Runtime.build(policy=Policy.default(), db_path=None,[0m
2026-08-23T12:22:09.5306282Z [36;1m                   providers=["fast-flights"])[0m
2026-08-23T12:22:09.5306942Z [36;1mif not rt.registry.providers:[0m
2026-08-23T12:22:09.5307319Z [36;1m    print("UNAVAILABLE:", rt.registry.skipped)[0m
2026-08-23T12:22:09.5307662Z [36;1m    sys.exit(1)[0m
2026-08-23T12:22:09.5307997Z [36;1m[0m
2026-08-23T12:22:09.5308242Z [36;1mp = rt.registry.providers[0][0m
2026-08-23T12:22:09.5308546Z [36;1mwhen = date.today() + timedelta(days=40)[0m
2026-08-23T12:22:09.5308954Z [36;1moffers = p.search(SearchQuery("MAD", "AGP", when, None, seats=1,[0m
2026-08-23T12:22:09.5309374Z [36;1m                              cabin=Cabin.ECONOMY, max_stops=1))[0m
2026-08-23T12:22:09.5309725Z [36;1mprint(f"{len(offers)} offers returned")[0m
2026-08-23T12:22:09.5310055Z [36;1mfor o in offers[:5]:[0m
2026-08-23T12:22:09.5310371Z [36;1m    print(f"  {o.route_label} {o.depart:%Y-%m-%d %H:%M} "[0m
2026-08-23T12:22:09.5310781Z [36;1m          f"{o.carriers} EUR {o.price_eur} stops={o.stops}")[0m
2026-08-23T12:22:09.5311133Z [36;1mif not offers:[0m
2026-08-23T12:22:09.5311492Z [36;1m    sys.exit("adapter returned nothing -- upstream shape may have changed")[0m
2026-08-23T12:22:09.5311945Z [36;1mbad = [o for o in offers if o.price_eur <= 0 or o.duration_min <= 0][0m
2026-08-23T12:22:09.5312312Z [36;1mif bad:[0m
2026-08-23T12:22:09.5312621Z [36;1m    sys.exit(f"{len(bad)} offers failed sanity checks")[0m
2026-08-23T12:22:09.5312962Z [36;1mPY[0m
2026-08-23T12:22:09.5335341Z shell: /usr/bin/bash -e {0}
2026-08-23T12:22:09.5335635Z env:
2026-08-23T12:22:09.5336039Z   pythonLocation: /opt/hostedtoolcache/Python/3.13.15/x64
2026-08-23T12:22:09.5336607Z   PKG_CONFIG_PATH: /opt/hostedtoolcache/Python/3.13.15/x64/lib/pkgconfig
2026-08-23T12:22:09.5337234Z   Python_ROOT_DIR: /opt/hostedtoolcache/Python/3.13.15/x64
2026-08-23T12:22:09.5337652Z   Python2_ROOT_DIR: /opt/hostedtoolcache/Python/3.13.15/x64
2026-08-23T12:22:09.5338062Z   Python3_ROOT_DIR: /opt/hostedtoolcache/Python/3.13.15/x64
2026-08-23T12:22:09.5338536Z   LD_LIBRARY_PATH: /opt/hostedtoolcache/Python/3.13.15/x64/lib
2026-08-23T12:22:09.5338906Z ##[endgroup]
2026-08-23T12:22:10.6313909Z 0 offers returned
2026-08-23T12:22:10.6317305Z adapter returned nothing -- upstream shape may have changed
2026-08-23T12:22:10.7002598Z ##[error]Process completed with exit code 1.
2026-08-23T12:22:10.7149583Z Node 20 is being deprecated. This workflow is running with Node 24 by default. If you need to temporarily use Node 20, you can set the ACTIONS_ALLOW_USE_UNSECURE_NODE_VERSION=true environment variable. For more information see: https://github.blog/changelog/2025-09-19-deprecation-of-node-20-on-github-actions-runners/
2026-08-23T12:22:10.7150759Z Post job cleanup.
2026-08-23T12:22:10.8048026Z [command]/usr/bin/git version
2026-08-23T12:22:10.8126278Z git version 2.55.0
2026-08-23T12:22:10.8171133Z Temporarily overriding HOME='/home/runner/work/_temp/f813a8b9-5d65-4c38-b466-dce67e56b731' before making global git config changes
2026-08-23T12:22:10.8177105Z Adding repository directory to the temporary git global config as a safe directory
2026-08-23T12:22:10.8181911Z [command]/usr/bin/git config --global --add safe.directory /home/runner/work/flightarb/flightarb
2026-08-23T12:22:10.9607857Z [command]/usr/bin/git config --local --name-only --get-regexp core\.sshCommand
2026-08-23T12:22:10.9666969Z [command]/usr/bin/git submodule foreach --recursive sh -c "git config --local --name-only --get-regexp 'core\.sshCommand' && git config --local --unset-all 'core.sshCommand' || :"
2026-08-23T12:22:10.9938531Z [command]/usr/bin/git config --local --name-only --get-regexp http\.https\:\/\/github\.com\/\.extraheader
2026-08-23T12:22:11.1224865Z http.https://github.com/.extraheader
2026-08-23T12:22:11.1238743Z [command]/usr/bin/git config --local --unset-all http.https://github.com/.extraheader
2026-08-23T12:22:11.1921743Z [command]/usr/bin/git submodule foreach --recursive sh -c "git config --local --name-only --get-regexp 'http\.https\:\/\/github\.com\/\.extraheader' && git config --local --unset-all 'http.https://github.com/.extraheader' || :"
2026-08-23T12:22:11.2115124Z [command]/usr/bin/git config --local --name-only --get-regexp ^includeIf\.gitdir:
2026-08-23T12:22:11.2145905Z [command]/usr/bin/git submodule foreach --recursive git config --local --show-origin --name-only --get-regexp remote.origin.url
2026-08-23T12:22:11.2442339Z Cleaning up orphan processes
2026-08-23T12:22:11.2663434Z ##[warning]Node.js 20 is deprecated. The following actions target Node.js 20 but are being forced to run on Node.js 24: actions/checkout@v4, actions/setup-python@v5. For more information see: https://github.blog/changelog/2025-09-19-deprecation-of-node-20-on-github-actions-runners/
